// Jest Snapshot v1, https://goo.gl/fbAQLP

exports[`FooterComponent Footer container initial renders properly 1`] = `<Footer />`;
