// Jest Snapshot v1, https://goo.gl/fbAQLP

exports[`FooterComponent Footer container initial renders properly 1`] = `<ImageUploader />`;

exports[`ImageUploaderComponent ImageUploader container initial renders properly 1`] = `<ImageUploader />`;
