// Jest Snapshot v1, https://goo.gl/fbAQLP

exports[`UserCardComponent UserCard container initial renders properly 1`] = `<UserCard />`;
